Archive member included because of file (symbol)

contiki-sky.a(rimeaddr.o)     udp-sender.co (rimeaddr_null)
contiki-sky.a(csma.o)         obj_sky/contiki-sky-main.o (csma_driver)
contiki-sky.a(contikimac.o)   obj_sky/collect-common.o (contikimac_driver)
contiki-sky.a(phase.o)        contiki-sky.a(contikimac.o) (phase_remove)
contiki-sky.a(rpl-dag.o)      udp-sender.co (rpl_get_dag)
contiki-sky.a(rpl-icmp6.o)    contiki-sky.a(rpl-dag.o) (dao_output)
contiki-sky.a(rpl-timers.o)   contiki-sky.a(rpl-dag.o) (rpl_reset_dio_timer)
contiki-sky.a(rpl-of0.o)      contiki-sky.a(rpl-dag.o) (rpl_of0)
contiki-sky.a(process.o)      udp-sender.co (process_current)
contiki-sky.a(autostart.o)    obj_sky/contiki-sky-main.o (autostart_start)
contiki-sky.a(serial-line.o)  udp-sender.co (serial_line_input_byte)
contiki-sky.a(memb.o)         contiki-sky.a(csma.o) (memb_init)
contiki-sky.a(timer.o)        obj_sky/contiki-sky-main.o (timer_set)
contiki-sky.a(list.o)         contiki-sky.a(phase.o) (list_init)
contiki-sky.a(etimer.o)       obj_sky/contiki-sky-main.o (etimer_process)
contiki-sky.a(ctimer.o)       obj_sky/contiki-sky-main.o (ctimer_init)
contiki-sky.a(energest.o)     obj_sky/contiki-sky-main.o (energest_init)
contiki-sky.a(rtimer.o)       obj_sky/contiki-sky-main.o (rtimer_init)
contiki-sky.a(stimer.o)       contiki-sky.a(rpl-icmp6.o) (stimer_set)
contiki-sky.a(random.o)       obj_sky/contiki-sky-main.o (random_init)
contiki-sky.a(ringbuf.o)      contiki-sky.a(serial-line.o) (ringbuf_init)
contiki-sky.a(uip-debug.o)    udp-sender.co (uip_debug_ipaddr_print)
contiki-sky.a(packetbuf.o)    contiki-sky.a(contikimac.o) (packetbuf_compact)
contiki-sky.a(queuebuf.o)     obj_sky/contiki-sky-main.o (queuebuf_init)
contiki-sky.a(uip6.o)         contiki-sky.a(rpl-icmp6.o) (uip_ext_len)
contiki-sky.a(tcpip.o)        obj_sky/contiki-sky-main.o (tcpip_process)
contiki-sky.a(uip-udp-packet.)
                              udp-sender.co (uip_udp_packet_sendto)
contiki-sky.a(uip-icmp6.o)    contiki-sky.a(uip6.o) (uip_icmp6_echo_request_input)
contiki-sky.a(uip-nd6.o)      contiki-sky.a(uip6.o) (uip_nd6_ns_input)
contiki-sky.a(sicslowpan.o)   obj_sky/contiki-sky-main.o (sicslowpan_driver)
contiki-sky.a(neighbor-info.o)
                              contiki-sky.a(sicslowpan.o) (neighbor_info_packet_sent)
contiki-sky.a(uip-ds6.o)      contiki-sky.a(uip6.o) (uip_ds6_init)
contiki-sky.a(powertrace.o)   udp-sender.co (powertrace_start)
contiki-sky.a(collect-view.o)
                              udp-sender.co (collect_view_construct_message)
contiki-sky.a(collect-view-sk)
                              contiki-sky.a(collect-view.o) (collect_view_arch_read_sensors)
contiki-sky.a(contiki-sky-pla)
                              obj_sky/contiki-sky-main.o (init_platform)
contiki-sky.a(sht11-sensor.o)
                              contiki-sky.a(collect-view-sk) (sht11_sensor)
contiki-sky.a(light-sensor.o)
                              contiki-sky.a(collect-view-sk) (light_sensor)
contiki-sky.a(battery-sensor.)
                              contiki-sky.a(collect-view-sk) (battery_sensor)
contiki-sky.a(button-sensor.o)
                              contiki-sky.a(contiki-sky-pla) (button_sensor)
contiki-sky.a(ds2411.o)       obj_sky/contiki-sky-main.o (ds2411_init)
contiki-sky.a(xmem.o)         obj_sky/contiki-sky-main.o (xmem_init)
contiki-sky.a(node-id.o)      obj_sky/contiki-sky-main.o (node_id)
contiki-sky.a(sensors.o)      contiki-sky.a(contiki-sky-pla) (sensors_process)
contiki-sky.a(cc2420.o)       contiki-sky.a(contikimac.o) (cc2420_driver)
contiki-sky.a(cc2420-arch.o)  contiki-sky.a(cc2420.o) (cc2420_arch_init)
contiki-sky.a(sky-sensors.o)  contiki-sky.a(light-sensor.o) (sky_sensors_status)
contiki-sky.a(uart1.o)        obj_sky/contiki-sky-main.o (uart1_active)
contiki-sky.a(uart1-putchar.o)
                              udp-sender.co (putchar)
contiki-sky.a(msp430.o)       obj_sky/collect-common.o (w_memcpy)
contiki-sky.a(clock.o)        contiki-sky.a(timer.o) (clock_time)
contiki-sky.a(leds.o)         obj_sky/contiki-sky-main.o (leds_init)
contiki-sky.a(leds-arch.o)    contiki-sky.a(leds.o) (leds_arch_init)
contiki-sky.a(watchdog.o)     contiki-sky.a(msp430.o) (watchdog_init)
contiki-sky.a(rtimer-arch.o)  obj_sky/contiki-sky-main.o (rtimer_arch_now)
contiki-sky.a(rimestats.o)    contiki-sky.a(cc2420.o) (rimestats)
contiki-sky.a(mac.o)          contiki-sky.a(csma.o) (mac_call_sent_callback)
contiki-sky.a(framer-802154.o)
                              contiki-sky.a(contikimac.o) (framer_802154)
contiki-sky.a(rpl.o)          contiki-sky.a(rpl-timers.o) (rpl_purge_routes)
contiki-sky.a(compower.o)     contiki-sky.a(powertrace.o) (compower_idle_activity)
contiki-sky.a(neighbor-attr.o)
                              contiki-sky.a(neighbor-info.o) (neighbor_attr_register)
contiki-sky.a(sht11.o)        contiki-sky.a(sht11-sensor.o) (sht11_init)
contiki-sky.a(spi.o)          contiki-sky.a(xmem.o) (spi_init)
[...]
Memory Configuration

Name             Origin             Length             Attributes
text             0x00004000         0x0000bfe0         xr
data             0x00001100         0x00002800         xrw
vectors          0x0000ffe0         0x00000020         rw
bootloader       0x00000c00         0x00000400         xr
infomem          0x00001000         0x00000100         xr
infomemnobits    0x00001000         0x00000100         xr
*default*        0x00000000         0xffffffff

Linker script and memory map

LOAD /usr/lib/gcc-lib/msp430/3.2.3/../../../../msp430/lib/crt430x1611.o
LOAD udp-sender.co
LOAD obj_sky/collect-common.o
LOAD obj_sky/contiki-sky-main.o
LOAD contiki-sky.a
LOAD /usr/lib/gcc-lib/msp430/3.2.3/msp2/libgcc.a
LOAD /usr/lib/gcc-lib/msp430/3.2.3/../../../../msp430/lib/msp2/libc.a
LOAD /usr/lib/gcc-lib/msp430/3.2.3/msp2/libgcc.a

.hash
 *(.hash)

.dynsym
 *(.dynsym)

.dynstr
 *(.dynstr)

.gnu.version
 *(.gnu.version)

.gnu.version_d
 *(.gnu.version_d)

.gnu.version_r
 *(.gnu.version_r)

.rel.init
 *(.rel.init)

.rela.init
 *(.rela.init)

.rel.text
 *(.rel.text)
 *(.rel.text.*)
 *(.rel.gnu.linkonce.t*)

.rela.text
 *(.rela.text)
 *(.rela.text.*)
 *(.rela.gnu.linkonce.t*)

.rel.fini
 *(.rel.fini)

.rela.fini
 *(.rela.fini)

.rel.rodata
 *(.rel.rodata)
 *(.rel.rodata.*)
 *(.rel.gnu.linkonce.r*)

.rela.rodata
 *(.rela.rodata)
 *(.rela.rodata.*)
 *(.rela.gnu.linkonce.r*)

.rel.data
 *(.rel.data)
 *(.rel.data.*)
 *(.rel.gnu.linkonce.d*)

.rela.data
 *(.rela.data)
 *(.rela.data.*)
 *(.rela.gnu.linkonce.d*)

.rel.ctors
 *(.rel.ctors)

.rela.ctors
 *(.rela.ctors)

.rel.dtors
 *(.rel.dtors)

.rela.dtors
 *(.rela.dtors)

.rel.got
 *(.rel.got)

.rela.got
 *(.rela.got)

.rel.bss
 *(.rel.bss)

.rela.bss
 *(.rela.bss)

.rel.plt
 *(.rel.plt)

.rela.plt
 *(.rela.plt)

.text           0x00004000     0xb6ae
                0x00004000                . = ALIGN (0x2)
 *(.init)
 .init          0x00004000       0x3a /usr/lib/gcc-lib/msp430/3.2.3/msp2/libgcc.a(_reset_vector__.o)
                0x00004000                _reset_vector__
 *(.init0)
 *(.init1)
 *(.init2)
 *(.init3)
 *(.init4)
 *(.init5)
 *(.init6)
 *(.init7)
 *(.init8)
 *(.init9)
                0x0000403a                __ctors_start = .
 *(.ctors)
                0x0000403a                __ctors_end = .
                0x0000403a                __dtors_start = .
 *(.dtors)
                0x0000403a                __dtors_end = .
                0x0000403a                . = ALIGN (0x2)
 *(.text)
 .text          0x0000403a        0x6 /usr/lib/gcc-lib/msp430/3.2.3/../../../../msp430/lib/crt430x1611.o
                0x0000403a                _unexpected_1_
                0x0000403a                vector_ffe0
                0x0000403a                vector_fff0
                0x0000403a                vector_fffc
                0x0000403a                vector_ffe4
                0x0000403e                _unexpected_
                0x0000403a                vector_fffa
                0x0000403a                vector_ffee
                0x0000403a                vector_fff8
                0x0000403a                vector_fff2
                0x0000403a                vector_fff6
 .text          0x00004040       0xf4 udp-sender.co
                0x00004054                autostart_processes
 .text          0x00004134       0xce obj_sky/collect-common.o
 .text          0x00004202      0x11e obj_sky/contiki-sky-main.o
 .text          0x00004320        0x8 contiki-sky.a(rimeaddr.o)
                0x00004320                rimeaddr_null
 .text          0x00004328       0x14 contiki-sky.a(csma.o)
                0x0000432e                csma_driver
 .text          0x0000433c       0x44 contiki-sky.a(contikimac.o)
                0x00004372                contikimac_driver
 .text          0x00004380       0x12 contiki-sky.a(rpl-dag.o)
 .text          0x00004392       0x1b contiki-sky.a(rpl-icmp6.o)
 .text          0x000043ad        0xe contiki-sky.a(serial-line.o)
 .text          0x000043bb        0xc contiki-sky.a(etimer.o)
 .text          0x000043c7        0xf contiki-sky.a(ctimer.o)
 .text          0x000043d6        0xb contiki-sky.a(uip-debug.o)
 *fill*         0x000043e1        0x1 00
 .text          0x000043e2       0x8a contiki-sky.a(uip6.o)
 .text          0x0000446c        0xd contiki-sky.a(tcpip.o)
 *fill*         0x00004479        0x1 00
 .text          0x0000447a       0x24 contiki-sky.a(sicslowpan.o)
                0x0000447a                unc_llconf
                0x0000447e                unc_ctxconf
                0x00004486                llprefix
                0x00004482                unc_mxconf
                0x00004498                sicslowpan_driver
 .text          0x0000449e      0x118 contiki-sky.a(powertrace.o)
 .text          0x000045b6        0xe contiki-sky.a(sht11-sensor.o)
                0x000045bc                sht11_sensor
 .text          0x000045c4        0xe contiki-sky.a(light-sensor.o)
                0x000045ca                light_sensor
 .text          0x000045d2       0x10 contiki-sky.a(battery-sensor.)
                0x000045da                battery_sensor
 .text          0x000045e2       0x10 contiki-sky.a(button-sensor.o)
                0x000045ea                button_sensor
 .text          0x000045f2        0x8 contiki-sky.a(sensors.o)
 .text          0x000045fa       0x22 contiki-sky.a(cc2420.o)
                0x00004608                cc2420_driver
 .text          0x0000461c        0x8 contiki-sky.a(framer-802154.o)
                0x00004620                framer_802154
 .text          0x00004624       0x16 /usr/lib/gcc-lib/msp430/3.2.3/../../../../msp430/lib/msp2/libc.a(sprintf.o)
                0x00004624                sprintf
 .text          0x0000463a       0x2a /usr/lib/gcc-lib/msp430/3.2.3/../../../../msp430/lib/msp2/libc.a(vsprintf.o)
                0x0000464a                vsprintf
 .text          0x00004664       0x12 /usr/lib/gcc-lib/msp430/3.2.3/../../../../msp430/lib/msp2/libc.a(printf.o)
                0x00004664                printf
 .text          0x00004676      0x624 /usr/lib/gcc-lib/msp430/3.2.3/../../../../msp430/lib/msp2/libc.a(vuprintf.o)
                0x000046da                vuprintf
 .text          0x00004c9a       0x2e /usr/lib/gcc-lib/msp430/3.2.3/../../../../msp430/lib/msp2/libc.a(puts.o)
                0x00004c9a                puts
 .text          0x00004cc8       0x6c /usr/lib/gcc-lib/msp430/3.2.3/../../../../msp430/lib/msp2/libc.a(rand.o)
                0x00004d02                rand_r
                0x00004d20                rand
                0x00004d2a                srand
 .text          0x00004d34       0x24 /usr/lib/gcc-lib/msp430/3.2.3/../../../../msp430/lib/msp2/libc.a(memchr.o)
                0x00004d34                memchr
 .text          0x00004d58       0x30 /usr/lib/gcc-lib/msp430/3.2.3/../../../../msp430/lib/msp2/libc.a(memcmp.o)
                0x00004d58                memcmp
 .text          0x00004d88       0xd4 /usr/lib/gcc-lib/msp430/3.2.3/../../../../msp430/lib/msp2/libc.a(memmove.o)
                0x00004d88                memmove
                0x00004e5c                . = ALIGN (0x2)
 *(.text.*)
 .text.collect_common_set_sink
                0x00004e5c        0x2 udp-sender.co
                0x00004e5c                collect_common_set_sink
 .text.collect_common_net_print
                0x00004e5e       0x82 udp-sender.co
                0x00004e5e                collect_common_net_print
 .text.tcpip_handler
                0x00004ee0        0x2 udp-sender.co
 .text.collect_common_send
                0x00004ee2      0x114 udp-sender.co
                0x00004ee2                collect_common_send
 .text.collect_common_net_init
                0x00004ff6        0xe udp-sender.co
                0x00004ff6                collect_common_net_init
 .text.print_local_addresses
                0x00005004       0x62 udp-sender.co
 .text.set_global_address
                0x00005066       0x66 udp-sender.co
 .text.send_packet
                0x000050cc       0x5a udp-sender.co
 .text.process_thread_udp_client_process
                0x00005126      0x11a udp-sender.co
 .text.strtolong
                0x00005240       0x70 obj_sky/collect-common.o
 .text.process_thread_collect_common_process
                0x000052b0      0x1b0 obj_sky/collect-common.o
 .text.set_rime_addr
                0x00005460       0x5c obj_sky/contiki-sky-main.o
 .text.print_processes
                0x000054bc       0x36 obj_sky/contiki-sky-main.o
 .text.main     0x000054f2      0x2d6 obj_sky/contiki-sky-main.o
                0x000054f2                main
 .text.rimeaddr_copy
                0x000057c8       0x1e contiki-sky.a(rimeaddr.o)
                0x000057c8                rimeaddr_copy
 .text.rimeaddr_cmp
                0x000057e6       0x26 contiki-sky.a(rimeaddr.o)
                0x000057e6                rimeaddr_cmp
 .text.rimeaddr_set_node_addr
                0x0000580c        0xc contiki-sky.a(rimeaddr.o)
                0x0000580c                rimeaddr_set_node_addr
 .text.default_timebase
                0x00005818       0x16 contiki-sky.a(csma.o)
 .text.transmit_queued_packet
                0x0000582e       0x30 contiki-sky.a(csma.o)
 .text.start_transmission_timer
                0x0000585e       0x30 contiki-sky.a(csma.o)
 .text.free_queued_packet
                0x0000588e       0x54 contiki-sky.a(csma.o)
 .text.packet_sent
                0x000058e2       0xfc contiki-sky.a(csma.o)
 .text.send_packet
                0x000059de       0xa4 contiki-sky.a(csma.o)
 .text.input_packet
                0x00005a82        0x6 contiki-sky.a(csma.o)
 .text.on       0x00005a88        0x6 contiki-sky.a(csma.o)
 .text.off      0x00005a8e        0x6 contiki-sky.a(csma.o)
 .text.channel_check_interval
                0x00005a94       0x10 contiki-sky.a(csma.o)
 .text.init     0x00005aa4        0xe contiki-sky.a(csma.o)
 .text.on       0x00005ab2       0x18 contiki-sky.a(contikimac.o)
 .text.off      0x00005aca       0x1e contiki-sky.a(contikimac.o)
 .text.schedule_powercycle
                0x00005ae8       0x58 contiki-sky.a(contikimac.o)
 .text.schedule_powercycle_fixed
                0x00005b40       0x4c contiki-sky.a(contikimac.o)
 .text.powercycle_turn_radio_off
                0x00005b8c        0xe contiki-sky.a(contikimac.o)
 .text.powercycle_turn_radio_on
                0x00005b9a        0xe contiki-sky.a(contikimac.o)
 .text.powercycle
                0x00005ba8      0x1ae contiki-sky.a(contikimac.o)
 .text.broadcast_rate_drop
                0x00005d56        0x4 contiki-sky.a(contikimac.o)
 .text.send_packet
                0x00005d5a      0x27c contiki-sky.a(contikimac.o)
 .text.qsend_packet
                0x00005fd6       0x24 contiki-sky.a(contikimac.o)
 .text.input_packet
                0x00005ffa       0xd0 contiki-sky.a(contikimac.o)
 .text.init     0x000060ca       0x32 contiki-sky.a(contikimac.o)
 .text.turn_on  0x000060fc       0x2e contiki-sky.a(contikimac.o)
 .text.turn_off
                0x0000612a       0x20 contiki-sky.a(contikimac.o)
 .text.duty_cycle
                0x0000614a        0x4 contiki-sky.a(contikimac.o)
 .text.find_neighbor
                0x0000614e       0x3c contiki-sky.a(phase.o)
                0x0000614e                find_neighbor
 .text.phase_remove
                0x0000618a       0x2a contiki-sky.a(phase.o)
                0x0000618a                phase_remove
 .text.phase_update
                0x000061b4       0xc2 contiki-sky.a(phase.o)
                0x000061b4                phase_update
 .text.send_packet
                0x00006276       0x2e contiki-sky.a(phase.o)
 .text.phase_wait
                0x000062a4      0x104 contiki-sky.a(phase.o)
                0x000062a4                phase_wait
 .text.phase_init
                0x000063a8       0x20 contiki-sky.a(phase.o)
                0x000063a8                phase_init
 .text.remove_parents
                0x000063c8       0x38 contiki-sky.a(rpl-dag.o)
 .text.remove_worst_parent
                0x00006400       0x4e contiki-sky.a(rpl-dag.o)
 .text.should_send_dao
                0x0000644e       0x22 contiki-sky.a(rpl-dag.o)
 .text.acceptable_rank
                0x00006470       0x4c contiki-sky.a(rpl-dag.o)
 .text.rpl_set_default_route
                0x000064bc       0x5c contiki-sky.a(rpl-dag.o)
                0x000064bc                rpl_set_default_route
 .text.rpl_alloc_dag
                0x00006518       0x56 contiki-sky.a(rpl-dag.o)
                0x00006518                rpl_alloc_dag
 .text.rpl_add_parent
                0x0000656e       0x6a contiki-sky.a(rpl-dag.o)
                0x0000656e                rpl_add_parent
 .text.rpl_find_parent
                0x000065d8       0x3a contiki-sky.a(rpl-dag.o)
                0x000065d8                rpl_find_parent
 .text.rpl_select_parent
                0x00006612       0xc6 contiki-sky.a(rpl-dag.o)
                0x00006612                rpl_select_parent
 .text.rpl_remove_parent
                0x000066d8       0x50 contiki-sky.a(rpl-dag.o)
                0x000066d8                rpl_remove_parent
 .text.rpl_get_dag
                0x00006728       0x3a contiki-sky.a(rpl-dag.o)
                0x00006728                rpl_get_dag
 .text.rpl_find_of
                0x00006762       0x12 contiki-sky.a(rpl-dag.o)
                0x00006762                rpl_find_of
 .text.join_dag
                0x00006774      0x14a contiki-sky.a(rpl-dag.o)
 .text.global_repair
                0x000068be       0x82 contiki-sky.a(rpl-dag.o)
 .text.rpl_local_repair
                0x00006940       0x1a contiki-sky.a(rpl-dag.o)
                0x00006940                rpl_local_repair
 .text.rpl_recalculate_ranks
                0x0000695a       0x38 contiki-sky.a(rpl-dag.o)
                0x0000695a                rpl_recalculate_ranks
 .text.rpl_process_parent_event
                0x00006992       0x8a contiki-sky.a(rpl-dag.o)
                0x00006992                rpl_process_parent_event
 .text.rpl_process_dio
                0x00006a1c      0x160 contiki-sky.a(rpl-dag.o)
                0x00006a1c                rpl_process_dio
 .text.get_global_addr
                0x00006b7c       0x56 contiki-sky.a(rpl-icmp6.o)
 .text.get32    0x00006bd2       0x42 contiki-sky.a(rpl-icmp6.o)
 .text.set32    0x00006c14       0x4a contiki-sky.a(rpl-icmp6.o)
 .text.get16    0x00006c5e       0x10 contiki-sky.a(rpl-icmp6.o)
 .text.set16    0x00006c6e       0x1c contiki-sky.a(rpl-icmp6.o)
 .text.dis_input
                0x00006c8a       0x22 contiki-sky.a(rpl-icmp6.o)
 .text.dis_output
                0x00006cac       0x5c contiki-sky.a(rpl-icmp6.o)
                0x00006cac                dis_output
 .text.dio_input
                0x00006d08      0x2ac contiki-sky.a(rpl-icmp6.o)
 .text.dio_output
                0x00006fb4      0x26c contiki-sky.a(rpl-icmp6.o)
                0x00006fb4                dio_output
 .text.dao_input
                0x00007220      0x208 contiki-sky.a(rpl-icmp6.o)
 .text.dao_output
                0x00007428       0xfc contiki-sky.a(rpl-icmp6.o)
                0x00007428                dao_output
 .text.dao_ack_input
                0x00007524        0x2 contiki-sky.a(rpl-icmp6.o)
 .text.dao_ack_output
                0x00007526       0x36 contiki-sky.a(rpl-icmp6.o)
                0x00007526                dao_ack_output
 .text.uip_rpl_input
                0x0000755c       0x3a contiki-sky.a(rpl-icmp6.o)
                0x0000755c                uip_rpl_input
 .text.handle_periodic_timer
                0x00007596       0x32 contiki-sky.a(rpl-timers.o)
 .text.new_dio_interval
                0x000075c8       0xbc contiki-sky.a(rpl-timers.o)
 .text.handle_dio_timer
                0x00007684       0x86 contiki-sky.a(rpl-timers.o)
 .text.rpl_reset_periodic_timer
                0x0000770a       0x1e contiki-sky.a(rpl-timers.o)
                0x0000770a                rpl_reset_periodic_timer
 .text.rpl_reset_dio_timer
                0x00007728       0x20 contiki-sky.a(rpl-timers.o)
                0x00007728                rpl_reset_dio_timer
 .text.handle_dao_timer
                0x00007748       0x4e contiki-sky.a(rpl-timers.o)
 .text.rpl_schedule_dao
                0x00007796       0x4a contiki-sky.a(rpl-timers.o)
                0x00007796                rpl_schedule_dao
 .text.reset    0x000077e0        0x2 contiki-sky.a(rpl-of0.o)
 .text.calculate_rank
                0x000077e2       0x2c contiki-sky.a(rpl-of0.o)
 .text.best_parent
                0x0000780e       0x3e contiki-sky.a(rpl-of0.o)
 .text.update_metric_container
                0x0000784c        0x6 contiki-sky.a(rpl-of0.o)
 .text.process_alloc_event
                0x00007852        0xa contiki-sky.a(process.o)
                0x00007852                process_alloc_event
 .text.process_start
                0x0000785c       0x38 contiki-sky.a(process.o)
                0x0000785c                process_start
 .text.exit_process
                0x00007894       0xac contiki-sky.a(process.o)
 .text.call_process
                0x00007940       0x46 contiki-sky.a(process.o)
 .text.process_init
                0x00007986       0x1c contiki-sky.a(process.o)
                0x00007986                process_init
 .text.do_poll  0x000079a2       0x36 contiki-sky.a(process.o)
 .text.do_event
                0x000079d8       0xa8 contiki-sky.a(process.o)
 .text.process_run
                0x00007a80       0x1c contiki-sky.a(process.o)
                0x00007a80                process_run
 .text.process_nevents
                0x00007a9c        0xe contiki-sky.a(process.o)
                0x00007a9c                process_nevents
 .text.process_post
                0x00007aaa       0x54 contiki-sky.a(process.o)
                0x00007aaa                process_post
 .text.process_post_synch
                0x00007afe       0x12 contiki-sky.a(process.o)
                0x00007afe                process_post_synch
 .text.process_poll
                0x00007b10       0x1a contiki-sky.a(process.o)
                0x00007b10                process_poll
 .text.process_is_running
                0x00007b2a        0xe contiki-sky.a(process.o)
                0x00007b2a                process_is_running
 .text.autostart_start
                0x00007b38       0x30 contiki-sky.a(autostart.o)
                0x00007b38                autostart_start
 .text.serial_line_input_byte
                0x00007b68       0x4c contiki-sky.a(serial-line.o)
                0x00007b68                serial_line_input_byte
 .text.process_thread_serial_line_process
                0x00007bb4       0xba contiki-sky.a(serial-line.o)
 .text.serial_line_init
                0x00007c6e       0x1c contiki-sky.a(serial-line.o)
                0x00007c6e                serial_line_init
 .text.memb_init
                0x00007c8a       0x3c contiki-sky.a(memb.o)
                0x00007c8a                memb_init
 .text.memb_alloc
                0x00007cc6       0x42 contiki-sky.a(memb.o)
                0x00007cc6                memb_alloc
 .text.memb_free
                0x00007d08       0x42 contiki-sky.a(memb.o)
                0x00007d08                memb_free
 .text.memb_inmemb
                0x00007d4a       0x3c contiki-sky.a(memb.o)
                0x00007d4a                memb_inmemb
 .text.timer_set
                0x00007d86       0x1c contiki-sky.a(timer.o)
                0x00007d86                timer_set
 .text.timer_reset
                0x00007da2        0xe contiki-sky.a(timer.o)
                0x00007da2                timer_reset
 .text.timer_restart
                0x00007db0       0x14 contiki-sky.a(timer.o)
                0x00007db0                timer_restart
 .text.timer_expired
                0x00007dc4       0x2e contiki-sky.a(timer.o)
                0x00007dc4                timer_expired
 .text.list_init
                0x00007df2        0x6 contiki-sky.a(list.o)
                0x00007df2                list_init
 .text.list_head
                0x00007df8        0x4 contiki-sky.a(list.o)
                0x00007df8                list_head
 .text.list_tail
                0x00007dfc       0x1a contiki-sky.a(list.o)
                0x00007dfc                list_tail
 .text.list_add
                0x00007e16       0x2a contiki-sky.a(list.o)
                0x00007e16                list_add
 .text.list_push
                0x00007e40       0x1a contiki-sky.a(list.o)
                0x00007e40                list_push
 .text.list_chop
                0x00007e5a       0x2c contiki-sky.a(list.o)
                0x00007e5a                list_chop
 .text.list_remove
                0x00007e86       0x2a contiki-sky.a(list.o)
                0x00007e86                list_remove
 .text.list_length
                0x00007eb0       0x14 contiki-sky.a(list.o)
                0x00007eb0                list_length
 .text.list_item_next
                0x00007ec4        0xc contiki-sky.a(list.o)
                0x00007ec4                list_item_next
 .text.update_time
                0x00007ed0       0x84 contiki-sky.a(etimer.o)
 .text.process_thread_etimer_process
                0x00007f54       0xfe contiki-sky.a(etimer.o)
 .text.etimer_request_poll
                0x00008052        0xa contiki-sky.a(etimer.o)
                0x00008052                etimer_request_poll
 .text.add_timer
                0x0000805c       0x3a contiki-sky.a(etimer.o)
 .text.etimer_set
                0x00008096       0x1c contiki-sky.a(etimer.o)
                0x00008096                etimer_set
 .text.etimer_reset
                0x000080b2       0x12 contiki-sky.a(etimer.o)
                0x000080b2                etimer_reset
 .text.etimer_restart
                0x000080c4       0x12 contiki-sky.a(etimer.o)
                0x000080c4                etimer_restart
 .text.etimer_expired
                0x000080d6        0xe contiki-sky.a(etimer.o)
                0x000080d6                etimer_expired
 .text.etimer_expiration_time
                0x000080e4       0x14 contiki-sky.a(etimer.o)
                0x000080e4                etimer_expiration_time
 .text.etimer_pending
                0x000080f8        0xc contiki-sky.a(etimer.o)
                0x000080f8                etimer_pending
 .text.etimer_next_expiration_time
                0x00008104       0x18 contiki-sky.a(etimer.o)
                0x00008104                etimer_next_expiration_time
 .text.etimer_stop
                0x0000811c       0x48 contiki-sky.a(etimer.o)
                0x0000811c                etimer_stop
 .text.process_thread_ctimer_process
                0x00008164       0xbc contiki-sky.a(ctimer.o)
 .text.ctimer_init
                0x00008220       0x18 contiki-sky.a(ctimer.o)
                0x00008220                ctimer_init
 .text.ctimer_set
                0x00008238       0x6c contiki-sky.a(ctimer.o)
                0x00008238                ctimer_set
 .text.ctimer_reset
                0x000082a4       0x3a contiki-sky.a(ctimer.o)
                0x000082a4                ctimer_reset
 .text.ctimer_stop
                0x000082de       0x28 contiki-sky.a(ctimer.o)
                0x000082de                ctimer_stop
 .text.ctimer_expired
                0x00008306       0x34 contiki-sky.a(ctimer.o)
                0x00008306                ctimer_expired
 .text.energest_init
                0x0000833a       0x26 contiki-sky.a(energest.o)
                0x0000833a                energest_init
 .text.energest_type_time
                0x00008360       0x46 contiki-sky.a(energest.o)
                0x00008360                energest_type_time
 .text.energest_type_set
                0x000083a6        0xe contiki-sky.a(energest.o)
                0x000083a6                energest_type_set
 .text.energest_flush
                0x000083b4       0x48 contiki-sky.a(energest.o)
                0x000083b4                energest_flush
 .text.rtimer_init
                0x000083fc        0x6 contiki-sky.a(rtimer.o)
                0x000083fc                rtimer_init
 .text.rtimer_set
                0x00008402       0x32 contiki-sky.a(rtimer.o)
                0x00008402                rtimer_set
 .text.rtimer_run_next
                0x00008434       0x28 contiki-sky.a(rtimer.o)
                0x00008434                rtimer_run_next
 .text.stimer_set
                0x0000845c       0x1c contiki-sky.a(stimer.o)
                0x0000845c                stimer_set
 .text.stimer_expired
                0x00008478       0x34 contiki-sky.a(stimer.o)
                0x00008478                stimer_expired
 .text.random_init
                0x000084ac        0x6 contiki-sky.a(random.o)
                0x000084ac                random_init
 .text.random_rand
                0x000084b2        0x6 contiki-sky.a(random.o)
                0x000084b2                random_rand
 .text.ringbuf_init
                0x000084b8       0x14 contiki-sky.a(ringbuf.o)
                0x000084b8                ringbuf_init
 .text.ringbuf_put
                0x000084cc       0x3e contiki-sky.a(ringbuf.o)
                0x000084cc                ringbuf_put
 .text.ringbuf_get
                0x0000850a       0x36 contiki-sky.a(ringbuf.o)
                0x0000850a                ringbuf_get
 .text.uip_debug_ipaddr_print
                0x00008540       0x6a contiki-sky.a(uip-debug.o)
                0x00008540                uip_debug_ipaddr_print
 .text.packetbuf_clear
                0x000085aa       0x20 contiki-sky.a(packetbuf.o)
                0x000085aa                packetbuf_clear
 .text.packetbuf_copyfrom
                0x000085ca       0x2e contiki-sky.a(packetbuf.o)
                0x000085ca                packetbuf_copyfrom
 .text.packetbuf_compact
                0x000085f8       0x62 contiki-sky.a(packetbuf.o)
                0x000085f8                packetbuf_compact
 .text.packetbuf_copyto_hdr
                0x0000865a       0x2a contiki-sky.a(packetbuf.o)
                0x0000865a                packetbuf_copyto_hdr
 .text.packetbuf_copyto
                0x00008684       0x5e contiki-sky.a(packetbuf.o)
                0x00008684                packetbuf_copyto
 .text.packetbuf_hdralloc
                0x000086e2       0x26 contiki-sky.a(packetbuf.o)
                0x000086e2                packetbuf_hdralloc
 .text.packetbuf_hdr_remove
                0x00008708        0x6 contiki-sky.a(packetbuf.o)
                0x00008708                packetbuf_hdr_remove
 .text.packetbuf_hdrreduce
                0x0000870e       0x1a contiki-sky.a(packetbuf.o)
                0x0000870e                packetbuf_hdrreduce
 .text.packetbuf_set_datalen
                0x00008728        0x6 contiki-sky.a(packetbuf.o)
                0x00008728                packetbuf_set_datalen
 .text.packetbuf_dataptr
                0x0000872e        0xe contiki-sky.a(packetbuf.o)
                0x0000872e                packetbuf_dataptr
 .text.packetbuf_hdrptr
                0x0000873c        0xa contiki-sky.a(packetbuf.o)
                0x0000873c                packetbuf_hdrptr
 .text.packetbuf_is_reference
                0x00008746       0x16 contiki-sky.a(packetbuf.o)
                0x00008746                packetbuf_is_reference
 .text.packetbuf_reference_ptr
                0x0000875c        0x6 contiki-sky.a(packetbuf.o)
                0x0000875c                packetbuf_reference_ptr
 .text.packetbuf_datalen
                0x00008762        0x6 contiki-sky.a(packetbuf.o)
                0x00008762                packetbuf_datalen
 .text.packetbuf_hdrlen
                0x00008768        0xc contiki-sky.a(packetbuf.o)
                0x00008768                packetbuf_hdrlen
 .text.packetbuf_totlen
                0x00008774       0x14 contiki-sky.a(packetbuf.o)
                0x00008774                packetbuf_totlen
 .text.packetbuf_attr_clear
                0x00008788       0x34 contiki-sky.a(packetbuf.o)
                0x00008788                packetbuf_attr_clear
 .text.packetbuf_attr_copyto
                0x000087bc       0x22 contiki-sky.a(packetbuf.o)
                0x000087bc                packetbuf_attr_copyto
 .text.packetbuf_attr_copyfrom
                0x000087de       0x24 contiki-sky.a(packetbuf.o)
                0x000087de                packetbuf_attr_copyfrom
 .text.queuebuf_init
                0x00008802       0x12 contiki-sky.a(queuebuf.o)
                0x00008802                queuebuf_init
 .text.queuebuf_new_from_packetbuf
                0x00008814       0x68 contiki-sky.a(queuebuf.o)
                0x00008814                queuebuf_new_from_packetbuf
 .text.queuebuf_update_attr_from_packetbuf
                0x0000887c       0x14 contiki-sky.a(queuebuf.o)
                0x0000887c                queuebuf_update_attr_from_packetbuf
 .text.queuebuf_free
                0x00008890       0x38 contiki-sky.a(queuebuf.o)
                0x00008890                queuebuf_free
 .text.queuebuf_to_packetbuf
                0x000088c8       0x6c contiki-sky.a(queuebuf.o)
                0x000088c8                queuebuf_to_packetbuf
 .text.uip_add32
                0x00008934       0x5c contiki-sky.a(uip6.o)
                0x00008934                uip_add32
 .text.chksum   0x00008990       0x42 contiki-sky.a(uip6.o)
 .text.upper_layer_chksum
                0x000089d2       0x52 contiki-sky.a(uip6.o)
 .text.uip_icmp6chksum
                0x00008a24        0xa contiki-sky.a(uip6.o)
                0x00008a24                uip_icmp6chksum
 .text.uip_tcpchksum
                0x00008a2e        0xa contiki-sky.a(uip6.o)
                0x00008a2e                uip_tcpchksum
 .text.uip_udpchksum
                0x00008a38        0xa contiki-sky.a(uip6.o)
                0x00008a38                uip_udpchksum
 .text.uip_init
                0x00008a42       0x76 contiki-sky.a(uip6.o)
                0x00008a42                uip_init
 .text.uip_udp_new
                0x00008ab8       0xf2 contiki-sky.a(uip6.o)
                0x00008ab8                uip_udp_new
 .text.uip_unlisten
                0x00008baa       0x24 contiki-sky.a(uip6.o)
                0x00008baa                uip_unlisten
 .text.uip_add_rcv_nxt
                0x00008bce       0x3a contiki-sky.a(uip6.o)
 .text.ext_hdr_options_process
                0x00008c08       0xc6 contiki-sky.a(uip6.o)
 .text.uip_process
                0x00008cce      0xf90 contiki-sky.a(uip6.o)
                0x00008cce                uip_process
 .text.uip_htons
                0x00009c5e        0x4 contiki-sky.a(uip6.o)
                0x00009c5e                uip_htons
 .text.uip_htonl
                0x00009c62       0x12 contiki-sky.a(uip6.o)
                0x00009c62                uip_htonl
 .text.tcpip_output
                0x00009c74       0x12 contiki-sky.a(tcpip.o)
                0x00009c74                tcpip_output
 .text.tcpip_set_outputfunc
                0x00009c86        0x6 contiki-sky.a(tcpip.o)
                0x00009c86                tcpip_set_outputfunc
 .text.start_periodic_tcp_timer
                0x00009c8c       0x18 contiki-sky.a(tcpip.o)
 .text.check_for_tcp_syn
                0x00009ca4       0x16 contiki-sky.a(tcpip.o)
 .text.packet_input
                0x00009cba       0x1e contiki-sky.a(tcpip.o)
 .text.udp_new  0x00009cd8       0x1e contiki-sky.a(tcpip.o)
                0x00009cd8                udp_new
 .text.eventhandler
                0x00009cf6      0x15a contiki-sky.a(tcpip.o)
 .text.tcpip_input
                0x00009e50       0x16 contiki-sky.a(tcpip.o)
                0x00009e50                tcpip_input
 .text.tcpip_ipv6_output
                0x00009e66      0x162 contiki-sky.a(tcpip.o)
                0x00009e66                tcpip_ipv6_output
 .text.tcpip_uipcall
                0x00009fc8       0x6a contiki-sky.a(tcpip.o)
                0x00009fc8                tcpip_uipcall
 .text.process_thread_tcpip_process
                0x0000a032       0x86 contiki-sky.a(tcpip.o)
 .text.uip_udp_packet_send
                0x0000a0b8       0x2e contiki-sky.a(uip-udp-packet.)
                0x0000a0b8                uip_udp_packet_send
 .text.uip_udp_packet_sendto
                0x0000a0e6       0x74 contiki-sky.a(uip-udp-packet.)
                0x0000a0e6                uip_udp_packet_sendto
 .text.uip_icmp6_echo_request_input
                0x0000a15a       0xd6 contiki-sky.a(uip-icmp6.o)
                0x0000a15a                uip_icmp6_echo_request_input
 .text.uip_icmp6_error_output
                0x0000a230      0x146 contiki-sky.a(uip-icmp6.o)
                0x0000a230                uip_icmp6_error_output
 .text.uip_icmp6_send
                0x0000a376       0x86 contiki-sky.a(uip-icmp6.o)
                0x0000a376                uip_icmp6_send
 .text.create_llao
                0x0000a3fc       0x2c contiki-sky.a(uip-nd6.o)
 .text.uip_nd6_ns_input
                0x0000a428      0x2a8 contiki-sky.a(uip-nd6.o)
                0x0000a428                uip_nd6_ns_input
 .text.uip_nd6_ns_output
                0x0000a6d0      0x126 contiki-sky.a(uip-nd6.o)
                0x0000a6d0                uip_nd6_ns_output
 .text.uip_nd6_na_input
                0x0000a7f6      0x206 contiki-sky.a(uip-nd6.o)
                0x0000a7f6                uip_nd6_na_input
 .text.addr_context_lookup_by_prefix
                0x0000a9fc       0x4c contiki-sky.a(sicslowpan.o)
 .text.addr_context_lookup_by_number
                0x0000aa48       0x32 contiki-sky.a(sicslowpan.o)
 .text.compress_addr_64
                0x0000aa7a       0x9c contiki-sky.a(sicslowpan.o)
 .text.uncompress_addr
                0x0000ab16       0xba contiki-sky.a(sicslowpan.o)
 .text.compress_hdr_hc06
                0x0000abd0      0x480 contiki-sky.a(sicslowpan.o)
 .text.uncompress_hdr_hc06
                0x0000b050      0x3be contiki-sky.a(sicslowpan.o)
 .text.compress_hdr_ipv6
                0x0000b40e       0x34 contiki-sky.a(sicslowpan.o)
 .text.packet_sent
                0x0000b442        0xc contiki-sky.a(sicslowpan.o)
 .text.send_packet
                0x0000b44e       0x1a contiki-sky.a(sicslowpan.o)
 .text.output   0x0000b468      0x248 contiki-sky.a(sicslowpan.o)
 .text.input    0x0000b6b0      0x1fe contiki-sky.a(sicslowpan.o)
 .text.sicslowpan_init
                0x0000b8ae       0x28 contiki-sky.a(sicslowpan.o)
                0x0000b8ae                sicslowpan_init
 .text.update_metric
                0x0000b8d6       0xa8 contiki-sky.a(neighbor-info.o)
 .text.add_neighbor
                0x0000b97e        0x6 contiki-sky.a(neighbor-info.o)
 .text.neighbor_info_packet_sent
                0x0000b984       0x50 contiki-sky.a(neighbor-info.o)
                0x0000b984                neighbor_info_packet_sent
 .text.neighbor_info_packet_received
                0x0000b9d4       0x1e contiki-sky.a(neighbor-info.o)
                0x0000b9d4                neighbor_info_packet_received
 .text.neighbor_info_subscribe
                0x0000b9f2       0x20 contiki-sky.a(neighbor-info.o)
                0x0000b9f2                neighbor_info_subscribe
 .text.neighbor_info_get_metric
                0x0000ba12       0x18 contiki-sky.a(neighbor-info.o)
                0x0000ba12                neighbor_info_get_metric
 .text.uip_ds6_init
                0x0000ba2a      0x160 contiki-sky.a(uip-ds6.o)
                0x0000ba2a                uip_ds6_init
 .text.uip_ds6_periodic
                0x0000bb8a      0x1da contiki-sky.a(uip-ds6.o)
                0x0000bb8a                uip_ds6_periodic
 .text.uip_ds6_list_loop
                0x0000bd64       0xa8 contiki-sky.a(uip-ds6.o)
                0x0000bd64                uip_ds6_list_loop
 .text.uip_ds6_nbr_add
                0x0000be0c      0x142 contiki-sky.a(uip-ds6.o)
                0x0000be0c                uip_ds6_nbr_add
 .text.uip_ds6_nbr_rm
                0x0000bf4e        0xe contiki-sky.a(uip-ds6.o)
                0x0000bf4e                uip_ds6_nbr_rm
 .text.uip_ds6_nbr_lookup
                0x0000bf5c       0x2a contiki-sky.a(uip-ds6.o)
                0x0000bf5c                uip_ds6_nbr_lookup
 .text.uip_ds6_defrt_add
                0x0000bf86       0x84 contiki-sky.a(uip-ds6.o)
                0x0000bf86                uip_ds6_defrt_add
 .text.uip_ds6_defrt_rm
                0x0000c00a        0xa contiki-sky.a(uip-ds6.o)
                0x0000c00a                uip_ds6_defrt_rm
 .text.uip_ds6_defrt_lookup
                0x0000c014       0x28 contiki-sky.a(uip-ds6.o)
                0x0000c014                uip_ds6_defrt_lookup
 .text.uip_ds6_defrt_choose
                0x0000c03c       0x54 contiki-sky.a(uip-ds6.o)
                0x0000c03c                uip_ds6_defrt_choose
 .text.uip_ds6_prefix_add
                0x0000c090       0xb0 contiki-sky.a(uip-ds6.o)
                0x0000c090                uip_ds6_prefix_add
 .text.uip_ds6_is_addr_onlink
                0x0000c140       0x52 contiki-sky.a(uip-ds6.o)
                0x0000c140                uip_ds6_is_addr_onlink
 .text.uip_ds6_addr_add
                0x0000c192       0xfa contiki-sky.a(uip-ds6.o)
                0x0000c192                uip_ds6_addr_add
 .text.uip_ds6_addr_rm
                0x0000c28c       0x58 contiki-sky.a(uip-ds6.o)
                0x0000c28c                uip_ds6_addr_rm
 .text.uip_ds6_addr_lookup
                0x0000c2e4       0x2a contiki-sky.a(uip-ds6.o)
                0x0000c2e4                uip_ds6_addr_lookup
 .text.uip_ds6_get_link_local
                0x0000c30e       0x4a contiki-sky.a(uip-ds6.o)
                0x0000c30e                uip_ds6_get_link_local
 .text.uip_ds6_maddr_add
                0x0000c358       0x4e contiki-sky.a(uip-ds6.o)
                0x0000c358                uip_ds6_maddr_add
 .text.uip_ds6_maddr_rm
                0x0000c3a6        0xa contiki-sky.a(uip-ds6.o)
                0x0000c3a6                uip_ds6_maddr_rm
 .text.uip_ds6_maddr_lookup
                0x0000c3b0       0x2a contiki-sky.a(uip-ds6.o)
                0x0000c3b0                uip_ds6_maddr_lookup
 .text.uip_ds6_route_lookup
                0x0000c3da       0x6a contiki-sky.a(uip-ds6.o)
                0x0000c3da                uip_ds6_route_lookup
 .text.uip_ds6_route_add
                0x0000c444       0x82 contiki-sky.a(uip-ds6.o)
                0x0000c444                uip_ds6_route_add
 .text.uip_ds6_route_rm
                0x0000c4c6        0x6 contiki-sky.a(uip-ds6.o)
                0x0000c4c6                uip_ds6_route_rm
 .text.uip_ds6_route_rm_by_nexthop
                0x0000c4cc       0x4c contiki-sky.a(uip-ds6.o)
                0x0000c4cc                uip_ds6_route_rm_by_nexthop
 .text.uip_ds6_select_src
                0x0000c518       0xb8 contiki-sky.a(uip-ds6.o)
                0x0000c518                uip_ds6_select_src
 .text.uip_ds6_set_addr_iid
                0x0000c5d0       0x18 contiki-sky.a(uip-ds6.o)
                0x0000c5d0                uip_ds6_set_addr_iid
 .text.get_match_length
                0x0000c5e8       0x46 contiki-sky.a(uip-ds6.o)
                0x0000c5e8                get_match_length
 .text.uip_ds6_dad
                0x0000c62e       0x6a contiki-sky.a(uip-ds6.o)
                0x0000c62e                uip_ds6_dad
 .text.uip_ds6_dad_failed
                0x0000c698       0x14 contiki-sky.a(uip-ds6.o)
                0x0000c698                uip_ds6_dad_failed
 .text.uip_ds6_compute_reachable_time
                0x0000c6ac       0x54 contiki-sky.a(uip-ds6.o)
                0x0000c6ac                uip_ds6_compute_reachable_time
 .text.powertrace_print
                0x0000c700      0x7d8 contiki-sky.a(powertrace.o)
                0x0000c700                powertrace_print
 .text.process_thread_powertrace_process
                0x0000ced8       0x5c contiki-sky.a(powertrace.o)
 .text.powertrace_start
                0x0000cf34       0x18 contiki-sky.a(powertrace.o)
                0x0000cf34                powertrace_start
 .text.collect_view_construct_message
                0x0000cf4c      0x164 contiki-sky.a(collect-view.o)
                0x0000cf4c                collect_view_construct_message
 .text.collect_view_arch_read_sensors
                0x0000d0b0       0x92 contiki-sky.a(collect-view-sk)
                0x0000d0b0                collect_view_arch_read_sensors
 .text.init_platform
                0x0000d142        0xc contiki-sky.a(contiki-sky-pla)
                0x0000d142                init_platform
 .text.value    0x0000d14e       0x36 contiki-sky.a(sht11-sensor.o)
 .text.status   0x0000d184       0x1a contiki-sky.a(sht11-sensor.o)
 .text.configure
                0x0000d19e       0x42 contiki-sky.a(sht11-sensor.o)
 .text.value    0x0000d1e0       0x18 contiki-sky.a(light-sensor.o)
 .text.status   0x0000d1f8        0xc contiki-sky.a(light-sensor.o)
 .text.configure
                0x0000d204       0x10 contiki-sky.a(light-sensor.o)
 .text.value    0x0000d214        0x6 contiki-sky.a(battery-sensor.)
 .text.configure
                0x0000d21a       0x12 contiki-sky.a(battery-sensor.)
 .text.status   0x0000d22c        0xc contiki-sky.a(battery-sensor.)
 .text.irq_p2   0x0000d238       0x7a contiki-sky.a(button-sensor.o)
                0x0000d238                irq_p2
                0x0000d238                vector_ffe2
 .text.value    0x0000d2b2       0x28 contiki-sky.a(button-sensor.o)
 .text.configure
                0x0000d2da       0x4c contiki-sky.a(button-sensor.o)
 .text.status   0x0000d326       0x18 contiki-sky.a(button-sensor.o)
 .text.owreset  0x0000d33e       0x36 contiki-sky.a(ds2411.o)
 .text.owwriteb
                0x0000d374       0x5c contiki-sky.a(ds2411.o)
 .text.owreadb  0x0000d3d0       0x54 contiki-sky.a(ds2411.o)
 .text.crc8_add
                0x0000d424       0x28 contiki-sky.a(ds2411.o)
 .text.ds2411_init
                0x0000d44c       0xaa contiki-sky.a(ds2411.o)
                0x0000d44c                ds2411_init
 .text.read_status_register
                0x0000d4f6       0x3e contiki-sky.a(xmem.o)
 .text.wait_ready
                0x0000d534       0x16 contiki-sky.a(xmem.o)
 .text.xmem_init
                0x0000d54a       0x3c contiki-sky.a(xmem.o)
                0x0000d54a                xmem_init
 .text.xmem_pread
                0x0000d586       0xd2 contiki-sky.a(xmem.o)
                0x0000d586                xmem_pread
 .text.node_id_restore
                0x0000d658       0x38 contiki-sky.a(node-id.o)
                0x0000d658                node_id_restore
 .text.get_sensor_index
                0x0000d690       0x24 contiki-sky.a(sensors.o)
 .text.sensors_changed
                0x0000d6b4       0x14 contiki-sky.a(sensors.o)
                0x0000d6b4                sensors_changed
 .text.process_thread_sensors_process
                0x0000d6c8       0xfa contiki-sky.a(sensors.o)
 .text.getrxdata
                0x0000d7c2       0x4c contiki-sky.a(cc2420.o)
 .text.getrxbyte
                0x0000d80e       0x3a contiki-sky.a(cc2420.o)
 .text.flushrx  0x0000d848       0x66 contiki-sky.a(cc2420.o)
 .text.strobe   0x0000d8ae       0x1a contiki-sky.a(cc2420.o)
 .text.status   0x0000d8c8       0x20 contiki-sky.a(cc2420.o)
 .text.on       0x0000d8e8       0x3e contiki-sky.a(cc2420.o)
 .text.off      0x0000d926       0x5c contiki-sky.a(cc2420.o)
 .text.RELEASE_LOCK
                0x0000d982       0x2c contiki-sky.a(cc2420.o)
 .text.getreg   0x0000d9ae       0x4c contiki-sky.a(cc2420.o)
 .text.setreg   0x0000d9fa       0x44 contiki-sky.a(cc2420.o)
 .text.set_txpower
                0x0000da3e       0x24 contiki-sky.a(cc2420.o)
 .text.cc2420_init
                0x0000da62       0xca contiki-sky.a(cc2420.o)
                0x0000da62                cc2420_init
 .text.cc2420_transmit
                0x0000db2c      0x184 contiki-sky.a(cc2420.o)
 .text.cc2420_prepare
                0x0000dcb0       0x98 contiki-sky.a(cc2420.o)
 .text.cc2420_send
                0x0000dd48       0x12 contiki-sky.a(cc2420.o)
 .text.cc2420_off
                0x0000dd5a       0x32 contiki-sky.a(cc2420.o)
                0x0000dd5a                cc2420_off
 .text.cc2420_on
                0x0000dd8c       0x22 contiki-sky.a(cc2420.o)
                0x0000dd8c                cc2420_on
 .text.cc2420_set_channel
                0x0000ddae       0x74 contiki-sky.a(cc2420.o)
                0x0000ddae                cc2420_set_channel
 .text.cc2420_set_pan_addr
                0x0000de22      0x12e contiki-sky.a(cc2420.o)
                0x0000de22                cc2420_set_pan_addr
 .text.cc2420_interrupt
                0x0000df50       0x1e contiki-sky.a(cc2420.o)
                0x0000df50                cc2420_interrupt
 .text.process_thread_cc2420_process
                0x0000df6e       0x5c contiki-sky.a(cc2420.o)
 .text.cc2420_read
                0x0000dfca       0xe8 contiki-sky.a(cc2420.o)
 .text.cc2420_get_txpower
                0x0000e0b2       0x1e contiki-sky.a(cc2420.o)
                0x0000e0b2                cc2420_get_txpower
 .text.cc2420_cca
                0x0000e0d0       0x7a contiki-sky.a(cc2420.o)
 .text.cc2420_receiving_packet
                0x0000e14a        0xc contiki-sky.a(cc2420.o)
 .text.pending_packet
                0x0000e156        0x8 contiki-sky.a(cc2420.o)
 .text.cc24240_port1_interrupt
                0x0000e15e       0x4a contiki-sky.a(cc2420-arch.o)
                0x0000e15e                cc24240_port1_interrupt
                0x0000e15e                vector_ffe8
 .text.cc2420_arch_init
                0x0000e1a8       0x1a contiki-sky.a(cc2420-arch.o)
                0x0000e1a8                cc2420_arch_init
 .text.sky_sensors_status
                0x0000e1c2       0x4c contiki-sky.a(sky-sensors.o)
                0x0000e1c2                sky_sensors_status
 .text.sky_sensors_configure
                0x0000e20e       0xf8 contiki-sky.a(sky-sensors.o)
                0x0000e20e                sky_sensors_configure
 .text.uart1_active
                0x0000e306       0x14 contiki-sky.a(uart1.o)
                0x0000e306                uart1_active
 .text.uart1_set_input
                0x0000e31a        0x6 contiki-sky.a(uart1.o)
                0x0000e31a                uart1_set_input
 .text.uart1_writeb
                0x0000e320       0x18 contiki-sky.a(uart1.o)
                0x0000e320                uart1_writeb
 .text.uart1_init
                0x0000e338       0xc0 contiki-sky.a(uart1.o)
                0x0000e338                uart1_init
 .text.uart1_rx_interrupt
                0x0000e3f8       0x82 contiki-sky.a(uart1.o)
                0x0000e3f8                uart1_rx_interrupt
                0x0000e3f8                vector_ffe6
 .text.putchar  0x0000e47a        0xe contiki-sky.a(uart1-putchar.o)
                0x0000e47a                putchar
 .text.w_memcpy
                0x0000e488       0x26 contiki-sky.a(msp430.o)
                0x0000e488                w_memcpy
 .text.w_memset
                0x0000e4ae       0x22 contiki-sky.a(msp430.o)
                0x0000e4ae                w_memset
 .text.msp430_init_dco
                0x0000e4d0       0x72 contiki-sky.a(msp430.o)
                0x0000e4d0                msp430_init_dco
 .text.init_ports
                0x0000e542        0xa contiki-sky.a(msp430.o)
 .text.msp430_cpu_init
                0x0000e54c       0x24 contiki-sky.a(msp430.o)
                0x0000e54c                msp430_cpu_init
 .text.splhigh_
                0x0000e570        0x8 contiki-sky.a(msp430.o)
                0x0000e570                splhigh_
 .text.msp430_sync_dco
                0x0000e578       0x5e contiki-sky.a(msp430.o)
                0x0000e578                msp430_sync_dco
 .text.timera1  0x0000e5d6       0xc2 contiki-sky.a(clock.o)
                0x0000e5d6                timera1
                0x0000e5d6                vector_ffea
 .text.clock_time
                0x0000e698       0x1a contiki-sky.a(clock.o)
                0x0000e698                clock_time
 .text.clock_init
                0x0000e6b2       0x26 contiki-sky.a(clock.o)
                0x0000e6b2                clock_init
 .text.clock_delay
                0x0000e6d8        0x6 contiki-sky.a(clock.o)
                0x0000e6d8                clock_delay
 .text.clock_seconds
                0x0000e6de       0x1a contiki-sky.a(clock.o)
                0x0000e6de                clock_seconds
 .text.show_leds
                0x0000e6f8       0xce contiki-sky.a(leds.o)
 .text.leds_init
                0x0000e7c6        0xe contiki-sky.a(leds.o)
                0x0000e7c6                leds_init
 .text.leds_on  0x0000e7d4       0x16 contiki-sky.a(leds.o)
                0x0000e7d4                leds_on
 .text.leds_off
                0x0000e7ea       0x16 contiki-sky.a(leds.o)
                0x0000e7ea                leds_off
 .text.leds_arch_init
                0x0000e800        0xe contiki-sky.a(leds-arch.o)
                0x0000e800                leds_arch_init
 .text.leds_arch_set
                0x0000e80e       0x2a contiki-sky.a(leds-arch.o)
                0x0000e80e                leds_arch_set
 .text.watchdog_interrupt
                0x0000e838       0x16 contiki-sky.a(watchdog.o)
                0x0000e838                watchdog_interrupt
                0x0000e838                vector_fff4
 .text.watchdog_init
                0x0000e84e       0x12 contiki-sky.a(watchdog.o)
                0x0000e84e                watchdog_init
 .text.watchdog_start
                0x0000e860        0xe contiki-sky.a(watchdog.o)
                0x0000e860                watchdog_start
 .text.watchdog_periodic
                0x0000e86e       0x10 contiki-sky.a(watchdog.o)
                0x0000e86e                watchdog_periodic
 .text.watchdog_stop
                0x0000e87e       0x14 contiki-sky.a(watchdog.o)
                0x0000e87e                watchdog_stop
 .text.watchdog_reboot
                0x0000e892        0x6 contiki-sky.a(watchdog.o)
                0x0000e892                watchdog_reboot
 .text.timera0  0x0000e898       0x56 contiki-sky.a(rtimer-arch.o)
                0x0000e898                vector_ffec
                0x0000e898                timera0
 .text.rtimer_arch_init
                0x0000e8ee        0xc contiki-sky.a(rtimer-arch.o)
                0x0000e8ee                rtimer_arch_init
 .text.rtimer_arch_now
                0x0000e8fa       0x10 contiki-sky.a(rtimer-arch.o)
                0x0000e8fa                rtimer_arch_now
 .text.rtimer_arch_schedule
                0x0000e90a        0x6 contiki-sky.a(rtimer-arch.o)
                0x0000e90a                rtimer_arch_schedule
 .text.mac_call_sent_callback
                0x0000e910       0x14 contiki-sky.a(mac.o)
                0x0000e910                mac_call_sent_callback
 .text.is_broadcast_addr
                0x0000e924       0x2c contiki-sky.a(framer-802154.o)
 .text.create   0x0000e950      0x112 contiki-sky.a(framer-802154.o)
 .text.parse    0x0000ea62       0x9e contiki-sky.a(framer-802154.o)
 .text.rpl_purge_routes
                0x0000eb00       0x6a contiki-sky.a(rpl.o)
                0x0000eb00                rpl_purge_routes
 .text.rpl_add_route
                0x0000eb6a       0x80 contiki-sky.a(rpl.o)
                0x0000eb6a                rpl_add_route
 .text.rpl_link_neighbor_callback
                0x0000ebea       0x92 contiki-sky.a(rpl.o)
 .text.rpl_ipv6_neighbor_callback
                0x0000ec7c       0x5a contiki-sky.a(rpl.o)
                0x0000ec7c                rpl_ipv6_neighbor_callback
 .text.rpl_init
                0x0000ecd6       0x40 contiki-sky.a(rpl.o)
                0x0000ecd6                rpl_init
 .text.neighbor_addr_get
                0x0000ed16       0x4a contiki-sky.a(neighbor-attr.o)
 .text.set_attr
                0x0000ed60       0x62 contiki-sky.a(neighbor-attr.o)
 .text.neighbor_attr_register
                0x0000edc2       0x36 contiki-sky.a(neighbor-attr.o)
                0x0000edc2                neighbor_attr_register
 .text.neighbor_attr_has_neighbor
                0x0000edf8        0xc contiki-sky.a(neighbor-attr.o)
                0x0000edf8                neighbor_attr_has_neighbor
 .text.neighbor_attr_add_neighbor
                0x0000ee04       0x90 contiki-sky.a(neighbor-attr.o)
                0x0000ee04                neighbor_attr_add_neighbor
 .text.neighbor_attr_get_data
                0x0000ee94       0x36 contiki-sky.a(neighbor-attr.o)
                0x0000ee94                neighbor_attr_get_data
 .text.neighbor_attr_set_data
                0x0000eeca       0x70 contiki-sky.a(neighbor-attr.o)
                0x0000eeca                neighbor_attr_set_data
 .text.sstart   0x0000ef3a       0x3e contiki-sky.a(sht11.o)
 .text.sreset   0x0000ef78       0x2c contiki-sky.a(sht11.o)
 .text.swrite   0x0000efa4       0x5a contiki-sky.a(sht11.o)
 .text.sread    0x0000effe       0x54 contiki-sky.a(sht11.o)
 .text.rev8bits
                0x0000f052       0x34 contiki-sky.a(sht11.o)
 .text.crc8_add
                0x0000f086       0x26 contiki-sky.a(sht11.o)
 .text.sht11_init
                0x0000f0ac       0x14 contiki-sky.a(sht11.o)
                0x0000f0ac                sht11_init
 .text.sht11_off
                0x0000f0c0       0x14 contiki-sky.a(sht11.o)
                0x0000f0c0                sht11_off
 .text.scmd     0x0000f0d4       0xaa contiki-sky.a(sht11.o)
 .text.sht11_temp
                0x0000f17e        0xa contiki-sky.a(sht11.o)
                0x0000f17e                sht11_temp
 .text.sht11_humidity
                0x0000f188        0xa contiki-sky.a(sht11.o)
                0x0000f188                sht11_humidity
 .text.sht11_sreg
                0x0000f192       0x58 contiki-sky.a(sht11.o)
                0x0000f192                sht11_sreg
 .text.spi_init
                0x0000f1ea       0x36 contiki-sky.a(spi.o)
                0x0000f1ea                spi_init
 .text.field_len
                0x0000f220       0x92 contiki-sky.a(frame802154.o)
 .text.frame802154_hdrlen
                0x0000f2b2       0x28 contiki-sky.a(frame802154.o)
                0x0000f2b2                frame802154_hdrlen
 .text.frame802154_create
                0x0000f2da      0x172 contiki-sky.a(frame802154.o)
                0x0000f2da                frame802154_create
 .text.frame802154_parse
                0x0000f44c      0x1a6 contiki-sky.a(frame802154.o)
                0x0000f44c                frame802154_parse
 .text.libgcc   0x0000f5f2        0x4 /usr/lib/gcc-lib/msp430/3.2.3/msp2/libgcc.a(__stop_progExec__.o)
                0x0000f5f2                __stop_progExec__
 .text.libgcc   0x0000f5f6       0x28 /usr/lib/gcc-lib/msp430/3.2.3/msp2/libgcc.a(_mulsi3hw.o)
                0x0000f5f6                __umulsi3hw
 .text.libgcc   0x0000f61e       0x1c /usr/lib/gcc-lib/msp430/3.2.3/msp2/libgcc.a(_udivmodhi4.o)
                0x0000f61e                __udivmodhi4
 .text.libgcc   0x0000f63a       0x2a /usr/lib/gcc-lib/msp430/3.2.3/msp2/libgcc.a(_udivmodsi4.o)
                0x0000f63a                __udivmodsi4
 .text.libgcc   0x0000f664       0x4a /usr/lib/gcc-lib/msp430/3.2.3/msp2/libgcc.a(_divmodsi4.o)
                0x0000f664                __divmodsi4
                0x0000f6ae                . = ALIGN (0x2)
 *(.fini9)
 *(.fini8)
 *(.fini7)
 *(.fini6)
 *(.fini5)
 *(.fini4)
 *(.fini3)
 *(.fini2)
 *(.fini1)
 *(.fini0)
 *(.fini)
                0x0000f6ae                _etext = .

.data           0x00001100       0xfe load address 0x0000f6ae
                0x00001100                PROVIDE (__data_start, .)
                0x00001100                . = ALIGN (0x2)
 *(.data)
 .data          0x00001100        0xa udp-sender.co
                0x00001100                udp_client_process
 .data          0x0000110a        0xc obj_sky/collect-common.o
                0x0000110c                collect_common_process
 .data          0x00001116        0x4 obj_sky/contiki-sky-main.o
 .data          0x0000111a        0xc contiki-sky.a(csma.o)
 .data          0x00001126       0x14 contiki-sky.a(contikimac.o)
                0x00001136                phase_list
 .data          0x0000113a        0x8 contiki-sky.a(phase.o)
 .data          0x00001142        0x8 contiki-sky.a(rpl-dag.o)
 .data          0x0000114a        0xc contiki-sky.a(rpl-of0.o)
                0x0000114a                rpl_of0
 .data          0x00001156        0x4 contiki-sky.a(process.o)
                0x00001156                process_list
                0x00001158                process_current
 .data          0x0000115a        0xc contiki-sky.a(serial-line.o)
                0x0000115a                serial_line_process
 .data          0x00001166        0xa contiki-sky.a(etimer.o)
                0x00001166                etimer_process
 .data          0x00001170        0xe contiki-sky.a(ctimer.o)
                0x00001174                ctimer_process
 .data          0x0000117e        0x2 contiki-sky.a(packetbuf.o)
 .data          0x00001180       0x10 contiki-sky.a(queuebuf.o)
 .data          0x00001190        0x3 contiki-sky.a(uip6.o)
                0x00001190                uip_ext_bitmap
                0x00001191                uip_ext_len
                0x00001192                uip_ext_opt_offset
 *fill*         0x00001193        0x1 00
 .data          0x00001194        0xa contiki-sky.a(tcpip.o)
                0x00001194                tcpip_process
 .data          0x0000119e        0x8 contiki-sky.a(neighbor-info.o)
 .data          0x000011a6       0x16 contiki-sky.a(powertrace.o)
                0x000011b2                powertrace_process
 .data          0x000011bc        0x4 contiki-sky.a(contiki-sky-pla)
                0x000011bc                sensors
 .data          0x000011c0        0x1 contiki-sky.a(sht11-sensor.o)
 *fill*         0x000011c1        0x1 00
 .data          0x000011c2        0x2 contiki-sky.a(node-id.o)
                0x000011c2                node_id
 .data          0x000011c4        0xa contiki-sky.a(sensors.o)
                0x000011c4                sensors_process
 .data          0x000011ce        0xa contiki-sky.a(cc2420.o)
                0x000011ce                cc2420_process
 .data          0x000011d8        0x2 contiki-sky.a(msp430.o)
 .data          0x000011da        0x6 contiki-sky.a(clock.o)
 .data          0x000011e0        0x2 contiki-sky.a(watchdog.o)
 .data          0x000011e2        0x1 contiki-sky.a(framer-802154.o)
 *fill*         0x000011e3        0x1 00
 .data          0x000011e4       0x12 contiki-sky.a(neighbor-attr.o)
 .data          0x000011f6        0x2 contiki-sky.a(spi.o)
                0x000011f6                spi_busy
 .data          0x000011f8        0x2 /usr/lib/gcc-lib/msp430/3.2.3/../../../../msp430/lib/msp2/libc.a(vuprintf.o)
 .data          0x000011fa        0x4 /usr/lib/gcc-lib/msp430/3.2.3/../../../../msp430/lib/msp2/libc.a(rand.o)
                0x000011fe                . = ALIGN (0x2)
 *(.gnu.linkonce.d*)
                0x000011fe                . = ALIGN (0x2)
                0x000011fe                _edata = .

.bootloader     0x00000c00        0x0
                0x00000c00                PROVIDE (__boot_start, .)
 *(.bootloader)
                0x00000c00                . = ALIGN (0x2)
 *(.bootloader.*)

.infomem        0x00001000        0x0
 *(.infomem)
                0x00001000                . = ALIGN (0x2)
 *(.infomem.*)

.infomemnobits  0x00001000        0x0
 *(.infomemnobits)
                0x00001000                . = ALIGN (0x2)
 *(.infomemnobits.*)

.bss            0x000011fe     0x23fa
                0x000011fe                PROVIDE (__bss_start, .)
 *(.bss)
 .bss           0x000011fe       0x36 udp-sender.co
 .bss           0x00001234       0x1c obj_sky/collect-common.o
 .bss           0x00001250        0x8 obj_sky/contiki-sky-main.o
 .bss           0x00001258       0x66 contiki-sky.a(csma.o)
 .bss           0x000012be      0x36c contiki-sky.a(contikimac.o)
 .bss           0x0000162a       0xd8 contiki-sky.a(phase.o)
 .bss           0x00001702      0x214 contiki-sky.a(rpl-dag.o)
 .bss           0x00001916        0x1 contiki-sky.a(rpl-icmp6.o)
 *fill*         0x00001917        0x1 00
 .bss           0x00001918       0x18 contiki-sky.a(rpl-timers.o)
 .bss           0x00001930       0x3e contiki-sky.a(process.o)
 .bss           0x0000196e      0x108 contiki-sky.a(serial-line.o)
 .bss           0x00001a76        0x6 contiki-sky.a(etimer.o)
 .bss           0x00001a7c        0x1 contiki-sky.a(ctimer.o)
 *fill*         0x00001a7d        0x1 00
 .bss           0x00001a7e        0x2 contiki-sky.a(rtimer.o)
 .bss           0x00001a80       0xba contiki-sky.a(packetbuf.o)
 .bss           0x00001b3a      0x3ba contiki-sky.a(queuebuf.o)
 .bss           0x00001ef4        0xc contiki-sky.a(uip6.o)
 .bss           0x00001f00       0x36 contiki-sky.a(tcpip.o)
 .bss           0x00001f36       0x10 contiki-sky.a(uip-icmp6.o)
 .bss           0x00001f46        0xa contiki-sky.a(uip-nd6.o)
 .bss           0x00001f50      0x11e contiki-sky.a(sicslowpan.o)
 .bss           0x0000206e        0xe contiki-sky.a(neighbor-info.o)
 .bss           0x0000207c       0x20 contiki-sky.a(uip-ds6.o)
 .bss           0x0000209c      0x2f8 contiki-sky.a(powertrace.o)
 .bss           0x00002394       0x10 contiki-sky.a(collect-view.o)
 .bss           0x000023a4        0x8 contiki-sky.a(button-sensor.o)
 .bss           0x000023ac        0x6 contiki-sky.a(sensors.o)
 .bss           0x000023b2        0xc contiki-sky.a(cc2420.o)
 .bss           0x000023be        0x4 contiki-sky.a(sky-sensors.o)
 .bss           0x000023c2        0x4 contiki-sky.a(uart1.o)
 .bss           0x000023c6        0x4 contiki-sky.a(clock.o)
 .bss           0x000023ca        0x2 contiki-sky.a(leds.o)
 .bss           0x000023cc        0x1 contiki-sky.a(framer-802154.o)
 *fill*         0x000023cd        0x1 00
 .bss           0x000023ce       0xc8 contiki-sky.a(neighbor-attr.o)
 .bss           0x00002496        0x2 /usr/lib/gcc-lib/msp430/3.2.3/../../../../msp430/lib/msp2/libc.a(vsprintf.o)
 .bss           0x00002498        0x2 /usr/lib/gcc-lib/msp430/3.2.3/../../../../msp430/lib/msp2/libc.a(vuprintf.o)
 *(COMMON)
 COMMON         0x0000249a        0x8 contiki-sky.a(rimeaddr.o)
                0x0000249a                rimeaddr_node_addr
 COMMON         0x000024a2        0x1 contiki-sky.a(process.o)
                0x000024a2                process_maxevents
 COMMON         0x000024a3        0x1 contiki-sky.a(serial-line.o)
                0x000024a3                serial_line_event_message
 COMMON         0x000024a4       0x56 contiki-sky.a(energest.o)
                0x000024a4                energest_total_time
                0x000024d4                energest_total_count
                0x000024d6                energest_current_mode
                0x000024e2                energest_current_time
 COMMON         0x000024fa       0x50 contiki-sky.a(packetbuf.o)
                0x000024fa                packetbuf_addrs
                0x0000251a                packetbuf_attrs
 COMMON         0x0000254a      0x304 contiki-sky.a(uip6.o)
                0x0000254a                uip_len
                0x0000254c                uip_sappdata
                0x0000254e                uip_acc32
                0x00002552                uip_lladdr
                0x0000255a                uip_aligned_buf
                0x0000264a                uip_flags
                0x0000264c                uip_next_hdr
                0x0000264e                uip_udp_conn
                0x00002650                uip_appdata
                0x00002652                uip_conn
                0x00002654                uip_conns
                0x00002704                uip_listenports
                0x00002714                uip_slen
                0x00002716                uip_udp_conns
 COMMON         0x0000284e        0x1 contiki-sky.a(tcpip.o)
                0x0000284e                tcpip_event
 *fill*         0x0000284f        0x1 00
 COMMON         0x00002850        0xa contiki-sky.a(sicslowpan.o)
                0x00002850                sicslowpan_mac
                0x00002852                frag_sender
 COMMON         0x0000285a      0xd2c contiki-sky.a(uip-ds6.o)
                0x0000285a                uip_ds6_timer_ra
                0x00002862                uip_ds6_if
                0x0000296c                uip_ds6_prefix_list
                0x000029c6                uip_ds6_timer_periodic
                0x000029d2                uip_ds6_defrt_list
                0x00002a0a                uip_ds6_nbr_cache
                0x00002fe6                uip_ds6_routing_table
 COMMON         0x00003586        0x2 contiki-sky.a(contiki-sky-pla)
                0x00003586                sensors_flags
 COMMON         0x00003588        0x8 contiki-sky.a(ds2411.o)
                0x00003588                ds2411_id
 COMMON         0x00003590        0x1 contiki-sky.a(sensors.o)
                0x00003590                sensors_event
 *fill*         0x00003591        0x1 00
 COMMON         0x00003592       0x14 contiki-sky.a(cc2420.o)
                0x00003592                cc2420_last_rssi
                0x00003594                cc2420_packets_read
                0x00003596                cc2420_packets_seen
                0x00003598                cc2420_sfd_start_time
                0x0000359a                cc2420_time_of_departure
                0x0000359c                cc2420_time_of_arrival
                0x0000359e                cc2420_last_correlation
                0x000035a0                cc2420_authority_level_of_sender
                0x000035a2                cc2420_sfd_counter
                0x000035a4                cc2420_sfd_end_time
 COMMON         0x000035a6        0x2 contiki-sky.a(msp430.o)
                0x000035a6                msp430_dco_required
 COMMON         0x000035a8       0x48 contiki-sky.a(rimestats.o)
                0x000035a8                rimestats
 COMMON         0x000035f0        0x8 contiki-sky.a(compower.o)
                0x000035f0                compower_idle_activity
                0x000035f8                PROVIDE (__bss_end, .)
                0x000035f8                _end = .

.noinit         0x000035f8        0x0
                0x000035f8                PROVIDE (__noinit_start, .)
 *(.noinit)
 *(COMMON)
                0x000035f8                PROVIDE (__noinit_end, .)
                0x000035f8                _end = .

.vectors        0x0000ffe0       0x20
                0x0000ffe0                PROVIDE (__vectors_start, .)
 *(.vectors*)
 .vectors       0x0000ffe0       0x20 /usr/lib/gcc-lib/msp430/3.2.3/../../../../msp430/lib/crt430x1611.o
                0x0000ffe0                InterruptVectors
                0x00010000                _vectors_end = .

.profiler
 *(.profiler)

.stab           0x00000000    0x36444
 *(.stab)
 .stab          0x00000000       0xf0 /usr/lib/gcc-lib/msp430/3.2.3/../../../../msp430/lib/crt430x1611.o
 .stab          0x000000f0     0x1b90 udp-sender.co
                               0x1b9c (size before relaxing)
 .stab          0x00001c80      0x918 obj_sky/collect-common.o
                                0xee8 (size before relaxing)
 .stab          0x00002598     0x2298 obj_sky/contiki-sky-main.o
                               0x27c0 (size before relaxing)
 .stab          0x00004830      0x348 contiki-sky.a(rimeaddr.o)
                                0x720 (size before relaxing)
 .stab          0x00004b78      0xaa4 contiki-sky.a(csma.o)
                               0x10bc (size before relaxing)
 .stab          0x0000561c     0x1734 contiki-sky.a(contikimac.o)
                               0x2004 (size before relaxing)
 .stab          0x00006d50      0x8f4 contiki-sky.a(phase.o)
                                0xf30 (size before relaxing)
 .stab          0x00007644     0x1ad0 contiki-sky.a(rpl-dag.o)
                               0x2910 (size before relaxing)
 .stab          0x00009114     0x1530 contiki-sky.a(rpl-icmp6.o)
                               0x207c (size before relaxing)
 .stab          0x0000a644      0x81c contiki-sky.a(rpl-timers.o)
                               0x114c (size before relaxing)
 .stab          0x0000ae60      0x720 contiki-sky.a(rpl-of0.o)
                               0x1584 (size before relaxing)
 .stab          0x0000b580      0xb40 contiki-sky.a(process.o)
                                0xfc0 (size before relaxing)
 .stab          0x0000c0c0      0x2f4 contiki-sky.a(autostart.o)
                                0x744 (size before relaxing)
 .stab          0x0000c3b4      0x594 contiki-sky.a(serial-line.o)
                                0xaec (size before relaxing)
 .stab          0x0000c948      0x4ec contiki-sky.a(memb.o)
                                0xa50 (size before relaxing)
 .stab          0x0000ce34      0x36c contiki-sky.a(timer.o)
                                0x750 (size before relaxing)
 .stab          0x0000d1a0      0x7c8 contiki-sky.a(list.o)
                                0x7ec (size before relaxing)
 .stab          0x0000d968      0x990 contiki-sky.a(etimer.o)
                                0xe10 (size before relaxing)
 .stab          0x0000e2f8      0x834 contiki-sky.a(ctimer.o)
                                0xd98 (size before relaxing)
 .stab          0x0000eb2c      0x45c contiki-sky.a(energest.o)
                                0x894 (size before relaxing)
 .stab          0x0000ef88      0x438 contiki-sky.a(rtimer.o)
                                0x984 (size before relaxing)
 .stab          0x0000f3c0      0x384 contiki-sky.a(stimer.o)
                                0x768 (size before relaxing)
 .stab          0x0000f744      0x27c contiki-sky.a(random.o)
                                0x660 (size before relaxing)
 .stab          0x0000f9c0      0x3e4 contiki-sky.a(ringbuf.o)
                                0x7bc (size before relaxing)
 .stab          0x0000fda4      0x474 contiki-sky.a(uip-debug.o)
                                0xc30 (size before relaxing)
 .stab          0x00010218     0x10f8 contiki-sky.a(packetbuf.o)
                               0x1b9c (size before relaxing)
 .stab          0x00011310      0x9fc contiki-sky.a(queuebuf.o)
                               0x1824 (size before relaxing)
 .stab          0x00011d0c     0x231c contiki-sky.a(uip6.o)
                               0x2ce8 (size before relaxing)
 .stab          0x00014028     0x14c4 contiki-sky.a(tcpip.o)
                               0x2454 (size before relaxing)
 .stab          0x000154ec      0x468 contiki-sky.a(uip-udp-packet.)
                                0xbe8 (size before relaxing)
 .stab          0x00015954      0x684 contiki-sky.a(uip-icmp6.o)
                                0xf30 (size before relaxing)
 .stab          0x00015fd8      0xba0 contiki-sky.a(uip-nd6.o)
                               0x1458 (size before relaxing)
 .stab          0x00016b78     0x1cb0 contiki-sky.a(sicslowpan.o)
                               0x2a18 (size before relaxing)
 .stab          0x00018828      0xa50 contiki-sky.a(neighbor-info.o)
                               0x14e8 (size before relaxing)
 .stab          0x00019278     0x1b00 contiki-sky.a(uip-ds6.o)
                               0x252c (size before relaxing)
 .stab          0x0001ad78      0x960 contiki-sky.a(powertrace.o)
                               0x13e0 (size before relaxing)
 .stab          0x0001b6d8      0x69c contiki-sky.a(collect-view.o)
                               0x1074 (size before relaxing)
 .stab          0x0001bd74      0x504 contiki-sky.a(collect-view-sk)
                                0xd74 (size before relaxing)
 .stab          0x0001c278      0x2f4 contiki-sky.a(contiki-sky-pla)
                                0x858 (size before relaxing)
 .stab          0x0001c56c      0xfa8 contiki-sky.a(sht11-sensor.o)
                               0x16c8 (size before relaxing)
 .stab          0x0001d514      0xeb8 contiki-sky.a(light-sensor.o)
                               0x159c (size before relaxing)
 .stab          0x0001e3cc      0xe70 contiki-sky.a(battery-sensor.)
                               0x1560 (size before relaxing)
 .stab          0x0001f23c      0xfcc contiki-sky.a(button-sensor.o)
                               0x16bc (size before relaxing)
 .stab          0x00020208     0x1290 contiki-sky.a(ds2411.o)
                               0x195c (size before relaxing)
 .stab          0x00021498     0x15c0 contiki-sky.a(xmem.o)
                               0x1cec (size before relaxing)
 .stab          0x00022a58      0x2f4 contiki-sky.a(node-id.o)
                                0x6cc (size before relaxing)
 .stab          0x00022d4c      0x630 contiki-sky.a(sensors.o)
                                0xb94 (size before relaxing)
 .stab          0x0002337c     0x2724 contiki-sky.a(cc2420.o)
                               0x2f94 (size before relaxing)
 .stab          0x00025aa0     0x14d0 contiki-sky.a(cc2420-arch.o)
                               0x2178 (size before relaxing)
 .stab          0x00026f70     0x10a4 contiki-sky.a(sky-sensors.o)
                               0x177c (size before relaxing)
 .stab          0x00028014     0x1140 contiki-sky.a(uart1.o)
                               0x1890 (size before relaxing)
 .stab          0x00029154      0x2f4 contiki-sky.a(uart1-putchar.o)
                                0x888 (size before relaxing)
 .stab          0x00029448     0x14f4 contiki-sky.a(msp430.o)
                               0x1df4 (size before relaxing)
 .stab          0x0002a93c     0x1230 contiki-sky.a(clock.o)
                               0x1908 (size before relaxing)
 .stab          0x0002bb6c      0x588 contiki-sky.a(leds.o)
                                0x9d8 (size before relaxing)
 .stab          0x0002c0f4      0xe34 contiki-sky.a(leds-arch.o)
                               0x1500 (size before relaxing)
 .stab          0x0002cf28      0xf3c contiki-sky.a(watchdog.o)
                               0x1614 (size before relaxing)
 .stab          0x0002de64      0xf18 contiki-sky.a(rtimer-arch.o)
                               0x15f0 (size before relaxing)
 .stab          0x0002ed7c      0x144 contiki-sky.a(rimestats.o)
                                0x168 (size before relaxing)
 .stab          0x0002eec0      0x234 contiki-sky.a(mac.o)
                                0x648 (size before relaxing)
 .stab          0x0002f0f4      0x7ec contiki-sky.a(framer-802154.o)
                                0xc18 (size before relaxing)
 .stab          0x0002f8e0      0x978 contiki-sky.a(rpl.o)
                               0x17e8 (size before relaxing)
 .stab          0x00030258      0x4f8 contiki-sky.a(compower.o)
                                0x9a8 (size before relaxing)
 .stab          0x00030750      0xcb4 contiki-sky.a(neighbor-attr.o)
                               0x16bc (size before relaxing)
 .stab          0x00031404     0x16f8 contiki-sky.a(sht11.o)
                               0x1e0c (size before relaxing)
 .stab          0x00032afc      0xd5c contiki-sky.a(spi.o)
                               0x1290 (size before relaxing)
 .stab          0x00033858      0x7d4 contiki-sky.a(frame802154.o)
                                0xbf4 (size before relaxing)
 .stab          0x0003402c      0x42c /usr/lib/gcc-lib/msp430/3.2.3/../../../../msp430/lib/msp2/libc.a(sprintf.o)
                                0x48c (size before relaxing)
 .stab          0x00034458      0x27c /usr/lib/gcc-lib/msp430/3.2.3/../../../../msp430/lib/msp2/libc.a(vsprintf.o)
                                0x4ec (size before relaxing)
 .stab          0x000346d4      0x1f8 /usr/lib/gcc-lib/msp430/3.2.3/../../../../msp430/lib/msp2/libc.a(printf.o)
                                0x468 (size before relaxing)
 .stab          0x000348cc      0xc60 /usr/lib/gcc-lib/msp430/3.2.3/../../../../msp430/lib/msp2/libc.a(vuprintf.o)
                                0xec4 (size before relaxing)
 .stab          0x0003552c      0x210 /usr/lib/gcc-lib/msp430/3.2.3/../../../../msp430/lib/msp2/libc.a(puts.o)
                                0x480 (size before relaxing)
 .stab          0x0003573c      0x2e8 /usr/lib/gcc-lib/msp430/3.2.3/../../../../msp430/lib/msp2/libc.a(rand.o)
                                0x528 (size before relaxing)
 .stab          0x00035a24      0x24c /usr/lib/gcc-lib/msp430/3.2.3/../../../../msp430/lib/msp2/libc.a(memchr.o)
                                0x498 (size before relaxing)
 .stab          0x00035c70      0x210 /usr/lib/gcc-lib/msp430/3.2.3/../../../../msp430/lib/msp2/libc.a(strncmp.o)
                                0x45c (size before relaxing)
 .stab          0x00035e80      0x264 /usr/lib/gcc-lib/msp430/3.2.3/../../../../msp430/lib/msp2/libc.a(memcmp.o)
                                0x4b0 (size before relaxing)
 .stab          0x000360e4      0x360 /usr/lib/gcc-lib/msp430/3.2.3/../../../../msp430/lib/msp2/libc.a(memmove.o)
                                0x5ac (size before relaxing)

.stabstr        0x00000000    0x1ea54
 *(.stabstr)
 .stabstr       0x00000000    0x1ea54 /usr/lib/gcc-lib/msp430/3.2.3/../../../../msp430/lib/crt430x1611.o

.stab.excl
 *(.stab.excl)

.stab.exclstr
 *(.stab.exclstr)

.stab.index
 *(.stab.index)

.stab.indexstr
 *(.stab.indexstr)

.comment
 *(.comment)

.debug
 *(.debug)

.line
 *(.line)

.debug_srcinfo
 *(.debug_srcinfo)

.debug_sfnames
 *(.debug_sfnames)

.debug_aranges
 *(.debug_aranges)

.debug_pubnames
 *(.debug_pubnames)

.debug_info
 *(.debug_info)
 *(.gnu.linkonce.wi.*)

.debug_abbrev
 *(.debug_abbrev)

.debug_line
 *(.debug_line)

.debug_frame
 *(.debug_frame)

.debug_str
 *(.debug_str)

.debug_loc
 *(.debug_loc)

.debug_macinfo
 *(.debug_macinfo)
                0x00003900                PROVIDE (__stack, 0x3900)
                0x0000f6ae                PROVIDE (__data_start_rom, _etext)
                0x0000f7ac                PROVIDE (__data_end_rom, (_etext + SIZEOF (.data)))
                0x0000f7ac                PROVIDE (__noinit_start_rom, (_etext + SIZEOF (.data)))
                0x0000f7ac                PROVIDE (__noinit_end_rom, ((_etext + SIZEOF (.data)) + SIZEOF (.noinit)))
                0x00000000                PROVIDE (__subdevice_has_heap, 0x0)
OUTPUT(udp-sender.sky elf32-msp430)
